******************************************************************************
                  TI ARM Linker PC v18.1.4                     
******************************************************************************
>> Linked Sun Aug 27 22:45:28 2023

OUTPUT FILE NAME:   <StopWatch.out>
ENTRY POINT SYMBOL: "_c_int00_noargs"  address: 00001791


MEMORY CONFIGURATION

         name            origin    length      used     unused   attr    fill
----------------------  --------  ---------  --------  --------  ----  --------
  FLASH                 00000000   00040000  0000183c  0003e7c4  R  X
  SRAM                  20000000   00008000  00000210  00007df0  RW X


SEGMENT ALLOCATION MAP

run origin  load origin   length   init length attrs members
----------  ----------- ---------- ----------- ----- -------
00000000    00000000    00001840   00001840    r-x
  00000000    00000000    0000026c   0000026c    r-- .intvecs
  0000026c    0000026c    000015a0   000015a0    r-x .text
  00001810    00001810    00000030   00000030    r-- .cinit
20000000    20000000    00000210   00000000    rw-
  20000000    20000000    00000200   00000000    rw- .stack
  20000200    20000200    0000000c   00000000    rw- .bss
  2000020c    2000020c    00000004   00000000    rw- .data


SECTION ALLOCATION MAP

 output                                  attributes/
section   page    origin      length       input sections
--------  ----  ----------  ----------   ----------------
.intvecs   0    00000000    0000026c     
                  00000000    0000026c     tm4c1231h6pm_startup_ccs.obj (.intvecs)

.text      0    0000026c    000015a0     
                  0000026c    000006e0     gpio.obj (.text)
                  0000094c    000004f0     EXT_INTERRUPT.obj (.text)
                  00000e3c    0000032c     lcd.obj (.text)
                  00001168    000002b8     StopWatch.obj (.text)
                  00001420    0000010c     STK_prog.obj (.text)
                  0000152c    000000dc     util.obj (.text)
                  00001608    0000009c     rtsv7M4_T_le_v4SPD16_eabi.lib : memcpy_t2.asm.obj (.text)
                  000016a4    00000068                                   : copy_decompress_lzss.c.obj (.text:decompress:lzss:__TI_decompress_lzss)
                  0000170c    00000044                                   : autoinit.c.obj (.text:__TI_auto_init_nobinit_nopinit:__TI_auto_init_nobinit_nopinit)
                  00001750    00000040     SW_Timer.obj (.text)
                  00001790    00000038     rtsv7M4_T_le_v4SPD16_eabi.lib : boot_cortex_m.c.obj (.text:_c_int00_noargs:_c_int00_noargs)
                  000017c8    00000012                                   : copy_zero_init.c.obj (.text:decompress:ZI:__TI_zero_init_nomemset:__TI_zero_init_nomemset)
                  000017da    00000010     main.obj (.text)
                  000017ea    0000000e     rtsv7M4_T_le_v4SPD16_eabi.lib : copy_decompress_none.c.obj (.text:decompress:none:__TI_decompress_none)
                  000017f8    0000000c     tm4c1231h6pm_startup_ccs.obj (.text)
                  00001804    00000004     rtsv7M4_T_le_v4SPD16_eabi.lib : pre_init.c.obj (.text:_system_pre_init)
                  00001808    00000004                                   : exit.c.obj (.text:abort:abort)

.cinit     0    00001810    00000030     
                  00001810    0000000c     (__TI_handler_table)
                  0000181c    00000004     --HOLE-- [fill = 0]
                  00001820    00000008     (.cinit..bss.load) [load image, compression = zero_init]
                  00001828    00000007     (.cinit..data.load) [load image, compression = lzss]
                  0000182f    00000001     --HOLE-- [fill = 0]
                  00001830    00000010     (__TI_cinit_table)

.init_array 
*          0    00000000    00000000     UNINITIALIZED

.bss       0    20000200    0000000c     UNINITIALIZED
                  20000200    00000004     (.common:GPIOB_isr)
                  20000204    00000004     (.common:GPIOF_isr)
                  20000208    00000004     (.common:STK_isr)

.data      0    2000020c    00000004     UNINITIALIZED
                  2000020c    00000004     main.obj (.data)

.stack     0    20000000    00000200     UNINITIALIZED
                  20000000    00000004     rtsv7M4_T_le_v4SPD16_eabi.lib : boot_cortex_m.c.obj (.stack)
                  20000004    000001fc     --HOLE--

MODULE SUMMARY

       Module                         code   ro data   rw data
       ------                         ----   -------   -------
    .\
       tm4c1231h6pm_startup_ccs.obj   12     620       0      
       main.obj                       16     0         16     
    +--+------------------------------+------+---------+---------+
       Total:                         28     620       16     
                                                              
    .\Application\
       StopWatch.obj                  696    0         0      
    +--+------------------------------+------+---------+---------+
       Total:                         696    0         0      
                                                              
    .\Complex Drivers\
       SW_Timer.obj                   64     0         0      
    +--+------------------------------+------+---------+---------+
       Total:                         64     0         0      
                                                              
    .\HAL\
       lcd.obj                        812    0         0      
    +--+------------------------------+------+---------+---------+
       Total:                         812    0         0      
                                                              
    .\MCAL\
       gpio.obj                       1760   0         0      
       EXT_INTERRUPT.obj              1264   0         0      
       STK_prog.obj                   268    0         0      
    +--+------------------------------+------+---------+---------+
       Total:                         3292   0         0      
                                                              
    .\Service\
       util.obj                       220    0         0      
    +--+------------------------------+------+---------+---------+
       Total:                         220    0         0      
                                                              
    C:\ti\ccsv8\tools\compiler\ti-cgt-arm_18.1.4.LTS\lib\rtsv7M4_T_le_v4SPD16_eabi.lib
       memcpy_t2.asm.obj              156    0         0      
       copy_decompress_lzss.c.obj     104    0         0      
       autoinit.c.obj                 68     0         0      
       boot_cortex_m.c.obj            56     0         0      
       copy_zero_init.c.obj           18     0         0      
       copy_decompress_none.c.obj     14     0         0      
       exit.c.obj                     4      0         0      
       pre_init.c.obj                 4      0         0      
    +--+------------------------------+------+---------+---------+
       Total:                         424    0         0      
                                                              
       Stack:                         0      0         512    
       Linker Generated:              0      43        0      
    +--+------------------------------+------+---------+---------+
       Grand Total:                   5536   663       528    


LINKER GENERATED COPY TABLES

__TI_cinit_table @ 00001830 records: 2, size/record: 8, table size: 16
	.bss: load addr=00001820, load size=00000008 bytes, run addr=20000200, run size=0000000c bytes, compression=zero_init
	.data: load addr=00001828, load size=00000007 bytes, run addr=2000020c, run size=00000004 bytes, compression=lzss


LINKER GENERATED HANDLER TABLE

__TI_handler_table @ 00001810 records: 3, size/record: 4, table size: 12
	index: 0, handler: __TI_decompress_lzss
	index: 1, handler: __TI_decompress_none
	index: 2, handler: __TI_zero_init


GLOBAL SYMBOLS: SORTED ALPHABETICALLY BY Name 

address   name                          
-------   ----                          
00001809  C$$EXIT                       
00000cf9  EXT_BitHandler                
00000c2b  EXT_ClearBitHandler           
0000094d  EXT_Handler_Config            
000008e3  GPIOB_Handler                 
000008ed  GPIOB_SetCallBack             
20000200  GPIOB_isr                     
000008c5  GPIOF_Handler                 
000008cf  GPIOF_SetCallBack             
20000204  GPIOF_isr                     
0000026d  GPIO_Init                     
00000609  GPIO_readPin                  
00000849  GPIO_readPort                 
000002ad  GPIO_setupPinDirection        
00000725  GPIO_setupPortDirection       
00000483  GPIO_writePin                 
000007c1  GPIO_writePort                
0000115f  LCD_clearScreen               
00000fa5  LCD_displayCharacter          
00001097  LCD_displayString             
00001125  LCD_displayStringRowColumn    
00000e3d  LCD_init                      
00001145  LCD_intgerToString            
000010c7  LCD_moveCursor                
00000eb3  LCD_sendCommand               
0000138f  PushButton_ISR                
000017f9  ResetISR                      
00001421  STK_Delyms                    
000014dd  STK_SetCallBack               
00001501  STK_dinit                     
00001461  STK_init                      
20000208  STK_isr                       
0000150d  STK_reInit                    
000014bd  STK_timeReload                
00001751  SWT_delay                     
000011e7  StopWatch_Call                
00001385  StopWatch_ISR                 
00001169  StopWatch_init                
2000020e  Sw1Flag                       
2000020f  Sw2Flag                       
000014f7  SysTick_Handler               
20000200  __STACK_END                   
00000200  __STACK_SIZE                  
20000200  __STACK_TOP                   
00001830  __TI_CINIT_Base               
00001840  __TI_CINIT_Limit              
00001810  __TI_Handler_Table_Base       
0000181c  __TI_Handler_Table_Limit      
0000170d  __TI_auto_init_nobinit_nopinit
000016a5  __TI_decompress_lzss          
000017eb  __TI_decompress_none          
ffffffff  __TI_pprof_out_hndl           
ffffffff  __TI_prof_data_size           
ffffffff  __TI_prof_data_start          
00000000  __TI_static_base__            
000017c9  __TI_zero_init_nomemset       
00001609  __aeabi_memcpy                
00001609  __aeabi_memcpy4               
00001609  __aeabi_memcpy8               
ffffffff  __binit__                     
ffffffff  __c_args__                    
UNDEFED   __mpu_init                    
20000000  __stack                       
00001791  _c_int00_noargs               
UNDEFED   _system_post_cinit            
00001805  _system_pre_init              
00001809  abort                         
ffffffff  binit                         
2000020c  currRow                       
00000000  g_pfnVectors                  
0000152d  itoa                          
000017db  main                          
00001609  memcpy                        
000015b3  reverse                       
2000020d  secondsCount                  
0000158f  strlen                        


GLOBAL SYMBOLS: SORTED BY Symbol Address 

address   name                          
-------   ----                          
00000000  __TI_static_base__            
00000000  g_pfnVectors                  
00000200  __STACK_SIZE                  
0000026d  GPIO_Init                     
000002ad  GPIO_setupPinDirection        
00000483  GPIO_writePin                 
00000609  GPIO_readPin                  
00000725  GPIO_setupPortDirection       
000007c1  GPIO_writePort                
00000849  GPIO_readPort                 
000008c5  GPIOF_Handler                 
000008cf  GPIOF_SetCallBack             
000008e3  GPIOB_Handler                 
000008ed  GPIOB_SetCallBack             
0000094d  EXT_Handler_Config            
00000c2b  EXT_ClearBitHandler           
00000cf9  EXT_BitHandler                
00000e3d  LCD_init                      
00000eb3  LCD_sendCommand               
00000fa5  LCD_displayCharacter          
00001097  LCD_displayString             
000010c7  LCD_moveCursor                
00001125  LCD_displayStringRowColumn    
00001145  LCD_intgerToString            
0000115f  LCD_clearScreen               
00001169  StopWatch_init                
000011e7  StopWatch_Call                
00001385  StopWatch_ISR                 
0000138f  PushButton_ISR                
00001421  STK_Delyms                    
00001461  STK_init                      
000014bd  STK_timeReload                
000014dd  STK_SetCallBack               
000014f7  SysTick_Handler               
00001501  STK_dinit                     
0000150d  STK_reInit                    
0000152d  itoa                          
0000158f  strlen                        
000015b3  reverse                       
00001609  __aeabi_memcpy                
00001609  __aeabi_memcpy4               
00001609  __aeabi_memcpy8               
00001609  memcpy                        
000016a5  __TI_decompress_lzss          
0000170d  __TI_auto_init_nobinit_nopinit
00001751  SWT_delay                     
00001791  _c_int00_noargs               
000017c9  __TI_zero_init_nomemset       
000017db  main                          
000017eb  __TI_decompress_none          
000017f9  ResetISR                      
00001805  _system_pre_init              
00001809  C$$EXIT                       
00001809  abort                         
00001810  __TI_Handler_Table_Base       
0000181c  __TI_Handler_Table_Limit      
00001830  __TI_CINIT_Base               
00001840  __TI_CINIT_Limit              
20000000  __stack                       
20000200  GPIOB_isr                     
20000200  __STACK_END                   
20000200  __STACK_TOP                   
20000204  GPIOF_isr                     
20000208  STK_isr                       
2000020c  currRow                       
2000020d  secondsCount                  
2000020e  Sw1Flag                       
2000020f  Sw2Flag                       
ffffffff  __TI_pprof_out_hndl           
ffffffff  __TI_prof_data_size           
ffffffff  __TI_prof_data_start          
ffffffff  __binit__                     
ffffffff  __c_args__                    
ffffffff  binit                         
UNDEFED   __mpu_init                    
UNDEFED   _system_post_cinit            

[76 symbols]
