******************************************************************************
                  TI ARM Linker PC v18.1.4                     
******************************************************************************
>> Linked Tue Aug 29 03:05:57 2023

OUTPUT FILE NAME:   <StopWatch.out>
ENTRY POINT SYMBOL: "_c_int00_noargs"  address: 00001759


MEMORY CONFIGURATION

         name            origin    length      used     unused   attr    fill
----------------------  --------  ---------  --------  --------  ----  --------
  FLASH                 00000000   00040000  00001804  0003e7fc  R  X
  SRAM                  20000000   00008000  00000210  00007df0  RW X


SEGMENT ALLOCATION MAP

run origin  load origin   length   init length attrs members
----------  ----------- ---------- ----------- ----- -------
00000000    00000000    00001808   00001808    r-x
  00000000    00000000    0000026c   0000026c    r-- .intvecs
  0000026c    0000026c    00001568   00001568    r-x .text
  000017d8    000017d8    00000030   00000030    r-- .cinit
20000000    20000000    00000210   00000000    rw-
  20000000    20000000    00000200   00000000    rw- .stack
  20000200    20000200    0000000c   00000000    rw- .bss
  2000020c    2000020c    00000004   00000000    rw- .data


SECTION ALLOCATION MAP

 output                                  attributes/
section   page    origin      length       input sections
--------  ----  ----------  ----------   ----------------
.intvecs   0    00000000    0000026c     
                  00000000    0000026c     tm4c1231h6pm_startup_ccs.obj (.intvecs)

.text      0    0000026c    00001568     
                  0000026c    000006e8     gpio.obj (.text)
                  00000954    000004f0     EXT_INTERRUPT.obj (.text)
                  00000e44    0000032c     lcd.obj (.text)
                  00001170    000002b8     StopWatch.obj (.text)
                  00001428    0000010c     STK_prog.obj (.text)
                  00001534    000000dc     util.obj (.text)
                  00001610    0000009c     rtsv7M4_T_le_v4SPD16_eabi.lib : memcpy_t2.asm.obj (.text)
                  000016ac    00000068                                   : copy_decompress_lzss.c.obj (.text:decompress:lzss:__TI_decompress_lzss)
                  00001714    00000044                                   : autoinit.c.obj (.text:__TI_auto_init_nobinit_nopinit:__TI_auto_init_nobinit_nopinit)
                  00001758    00000038                                   : boot_cortex_m.c.obj (.text:_c_int00_noargs:_c_int00_noargs)
                  00001790    00000012                                   : copy_zero_init.c.obj (.text:decompress:ZI:__TI_zero_init_nomemset:__TI_zero_init_nomemset)
                  000017a2    00000010     main.obj (.text)
                  000017b2    0000000e     rtsv7M4_T_le_v4SPD16_eabi.lib : copy_decompress_none.c.obj (.text:decompress:none:__TI_decompress_none)
                  000017c0    0000000c     tm4c1231h6pm_startup_ccs.obj (.text)
                  000017cc    00000004     rtsv7M4_T_le_v4SPD16_eabi.lib : pre_init.c.obj (.text:_system_pre_init)
                  000017d0    00000004                                   : exit.c.obj (.text:abort:abort)

.cinit     0    000017d8    00000030     
                  000017d8    0000000c     (__TI_handler_table)
                  000017e4    00000004     --HOLE-- [fill = 0]
                  000017e8    00000008     (.cinit..bss.load) [load image, compression = zero_init]
                  000017f0    00000007     (.cinit..data.load) [load image, compression = lzss]
                  000017f7    00000001     --HOLE-- [fill = 0]
                  000017f8    00000010     (__TI_cinit_table)

.init_array 
*          0    00000000    00000000     UNINITIALIZED

.bss       0    20000200    0000000c     UNINITIALIZED
                  20000200    00000004     (.common:GPIOB_isr)
                  20000204    00000004     (.common:GPIOF_isr)
                  20000208    00000004     (.common:STK_isr)

.data      0    2000020c    00000004     UNINITIALIZED
                  2000020c    00000004     main.obj (.data)

.stack     0    20000000    00000200     UNINITIALIZED
                  20000000    00000004     rtsv7M4_T_le_v4SPD16_eabi.lib : boot_cortex_m.c.obj (.stack)
                  20000004    000001fc     --HOLE--

MODULE SUMMARY

       Module                         code   ro data   rw data
       ------                         ----   -------   -------
    .\
       tm4c1231h6pm_startup_ccs.obj   12     620       0      
       main.obj                       16     0         16     
    +--+------------------------------+------+---------+---------+
       Total:                         28     620       16     
                                                              
    .\Application\
       StopWatch.obj                  696    0         0      
    +--+------------------------------+------+---------+---------+
       Total:                         696    0         0      
                                                              
    .\HAL\
       lcd.obj                        812    0         0      
    +--+------------------------------+------+---------+---------+
       Total:                         812    0         0      
                                                              
    .\MCAL\
       gpio.obj                       1768   0         0      
       EXT_INTERRUPT.obj              1264   0         0      
       STK_prog.obj                   268    0         0      
    +--+------------------------------+------+---------+---------+
       Total:                         3300   0         0      
                                                              
    .\Service\
       util.obj                       220    0         0      
    +--+------------------------------+------+---------+---------+
       Total:                         220    0         0      
                                                              
    C:\ti\ccsv8\tools\compiler\ti-cgt-arm_18.1.4.LTS\lib\rtsv7M4_T_le_v4SPD16_eabi.lib
       memcpy_t2.asm.obj              156    0         0      
       copy_decompress_lzss.c.obj     104    0         0      
       autoinit.c.obj                 68     0         0      
       boot_cortex_m.c.obj            56     0         0      
       copy_zero_init.c.obj           18     0         0      
       copy_decompress_none.c.obj     14     0         0      
       exit.c.obj                     4      0         0      
       pre_init.c.obj                 4      0         0      
    +--+------------------------------+------+---------+---------+
       Total:                         424    0         0      
                                                              
       Stack:                         0      0         512    
       Linker Generated:              0      43        0      
    +--+------------------------------+------+---------+---------+
       Grand Total:                   5480   663       528    


LINKER GENERATED COPY TABLES

__TI_cinit_table @ 000017f8 records: 2, size/record: 8, table size: 16
	.bss: load addr=000017e8, load size=00000008 bytes, run addr=20000200, run size=0000000c bytes, compression=zero_init
	.data: load addr=000017f0, load size=00000007 bytes, run addr=2000020c, run size=00000004 bytes, compression=lzss


LINKER GENERATED HANDLER TABLE

__TI_handler_table @ 000017d8 records: 3, size/record: 4, table size: 12
	index: 0, handler: __TI_decompress_lzss
	index: 1, handler: __TI_decompress_none
	index: 2, handler: __TI_zero_init


GLOBAL SYMBOLS: SORTED ALPHABETICALLY BY Name 

address   name                          
-------   ----                          
000017d1  C$$EXIT                       
00000d01  EXT_BitHandler                
00000c33  EXT_ClearBitHandler           
00000955  EXT_Handler_Config            
000008e9  GPIOB_Handler                 
000008f3  GPIOB_SetCallBack             
20000200  GPIOB_isr                     
000008c9  GPIOF_Handler                 
000008d3  GPIOF_SetCallBack             
20000204  GPIOF_isr                     
0000026d  GPIO_Init                     
0000060d  GPIO_readPin                  
0000084d  GPIO_readPort                 
000002af  GPIO_setupPinDirection        
00000729  GPIO_setupPortDirection       
00000485  GPIO_writePin                 
000007c5  GPIO_writePort                
00001167  LCD_clearScreen               
00000fad  LCD_displayCharacter          
0000109f  LCD_displayString             
0000112d  LCD_displayStringRowColumn    
00000e45  LCD_init                      
0000114d  LCD_intgerToString            
000010cf  LCD_moveCursor                
00000ebb  LCD_sendCommand               
00001397  PushButton_ISR                
000017c1  ResetISR                      
00001429  STK_Delyms                    
000014e5  STK_SetCallBack               
00001509  STK_dinit                     
00001469  STK_init                      
20000208  STK_isr                       
00001515  STK_reInit                    
000014c5  STK_timeReload                
000011ef  StopWatch_Call                
0000138d  StopWatch_ISR                 
00001171  StopWatch_init                
2000020e  Sw1Flag                       
2000020f  Sw2Flag                       
000014ff  SysTick_Handler               
20000200  __STACK_END                   
00000200  __STACK_SIZE                  
20000200  __STACK_TOP                   
000017f8  __TI_CINIT_Base               
00001808  __TI_CINIT_Limit              
000017d8  __TI_Handler_Table_Base       
000017e4  __TI_Handler_Table_Limit      
00001715  __TI_auto_init_nobinit_nopinit
000016ad  __TI_decompress_lzss          
000017b3  __TI_decompress_none          
ffffffff  __TI_pprof_out_hndl           
ffffffff  __TI_prof_data_size           
ffffffff  __TI_prof_data_start          
00000000  __TI_static_base__            
00001791  __TI_zero_init_nomemset       
00001611  __aeabi_memcpy                
00001611  __aeabi_memcpy4               
00001611  __aeabi_memcpy8               
ffffffff  __binit__                     
ffffffff  __c_args__                    
UNDEFED   __mpu_init                    
20000000  __stack                       
00001759  _c_int00_noargs               
UNDEFED   _system_post_cinit            
000017cd  _system_pre_init              
000017d1  abort                         
ffffffff  binit                         
2000020c  currRow                       
00000000  g_pfnVectors                  
00001535  itoa                          
000017a3  main                          
00001611  memcpy                        
000015bb  reverse                       
2000020d  secondsCount                  
00001597  strlen                        


GLOBAL SYMBOLS: SORTED BY Symbol Address 

address   name                          
-------   ----                          
00000000  __TI_static_base__            
00000000  g_pfnVectors                  
00000200  __STACK_SIZE                  
0000026d  GPIO_Init                     
000002af  GPIO_setupPinDirection        
00000485  GPIO_writePin                 
0000060d  GPIO_readPin                  
00000729  GPIO_setupPortDirection       
000007c5  GPIO_writePort                
0000084d  GPIO_readPort                 
000008c9  GPIOF_Handler                 
000008d3  GPIOF_SetCallBack             
000008e9  GPIOB_Handler                 
000008f3  GPIOB_SetCallBack             
00000955  EXT_Handler_Config            
00000c33  EXT_ClearBitHandler           
00000d01  EXT_BitHandler                
00000e45  LCD_init                      
00000ebb  LCD_sendCommand               
00000fad  LCD_displayCharacter          
0000109f  LCD_displayString             
000010cf  LCD_moveCursor                
0000112d  LCD_displayStringRowColumn    
0000114d  LCD_intgerToString            
00001167  LCD_clearScreen               
00001171  StopWatch_init                
000011ef  StopWatch_Call                
0000138d  StopWatch_ISR                 
00001397  PushButton_ISR                
00001429  STK_Delyms                    
00001469  STK_init                      
000014c5  STK_timeReload                
000014e5  STK_SetCallBack               
000014ff  SysTick_Handler               
00001509  STK_dinit                     
00001515  STK_reInit                    
00001535  itoa                          
00001597  strlen                        
000015bb  reverse                       
00001611  __aeabi_memcpy                
00001611  __aeabi_memcpy4               
00001611  __aeabi_memcpy8               
00001611  memcpy                        
000016ad  __TI_decompress_lzss          
00001715  __TI_auto_init_nobinit_nopinit
00001759  _c_int00_noargs               
00001791  __TI_zero_init_nomemset       
000017a3  main                          
000017b3  __TI_decompress_none          
000017c1  ResetISR                      
000017cd  _system_pre_init              
000017d1  C$$EXIT                       
000017d1  abort                         
000017d8  __TI_Handler_Table_Base       
000017e4  __TI_Handler_Table_Limit      
000017f8  __TI_CINIT_Base               
00001808  __TI_CINIT_Limit              
20000000  __stack                       
20000200  GPIOB_isr                     
20000200  __STACK_END                   
20000200  __STACK_TOP                   
20000204  GPIOF_isr                     
20000208  STK_isr                       
2000020c  currRow                       
2000020d  secondsCount                  
2000020e  Sw1Flag                       
2000020f  Sw2Flag                       
ffffffff  __TI_pprof_out_hndl           
ffffffff  __TI_prof_data_size           
ffffffff  __TI_prof_data_start          
ffffffff  __binit__                     
ffffffff  __c_args__                    
ffffffff  binit                         
UNDEFED   __mpu_init                    
UNDEFED   _system_post_cinit            

[75 symbols]
