******************************************************************************
                  TI ARM Linker PC v18.1.4                     
******************************************************************************
>> Linked Sun Aug 27 21:28:27 2023

OUTPUT FILE NAME:   <EME_prog.out>
ENTRY POINT SYMBOL: "_c_int00_noargs"  address: 00002039


MEMORY CONFIGURATION

         name            origin    length      used     unused   attr    fill
----------------------  --------  ---------  --------  --------  ----  --------
  FLASH                 00000000   00040000  000020ea  0003df16  R  X
  SRAM                  20000000   00008000  0000020e  00007df2  RW X


SEGMENT ALLOCATION MAP

run origin  load origin   length   init length attrs members
----------  ----------- ---------- ----------- ----- -------
00000000    00000000    000020f0   000020f0    r-x
  00000000    00000000    0000026c   0000026c    r-- .intvecs
  0000026c    0000026c    00001e4e   00001e4e    r-x .text
  000020c0    000020c0    00000030   00000030    r-- .cinit
20000000    20000000    0000020e   00000000    rw-
  20000000    20000000    00000200   00000000    rw- .stack
  20000200    20000200    00000008   00000000    rw- .bss
  20000208    20000208    00000006   00000000    rw- .data


SECTION ALLOCATION MAP

 output                                  attributes/
section   page    origin      length       input sections
--------  ----  ----------  ----------   ----------------
.intvecs   0    00000000    0000026c     
                  00000000    0000026c     tm4c1231h6pm_startup_ccs.obj (.intvecs)

.text      0    0000026c    00001e4e     
                  0000026c    0000080c     calculator.obj (.text)
                  00000a78    000006c0     gpio.obj (.text)
                  00001138    000004f0     EXT_INTERRUPT.obj (.text)
                  00001628    00000338     keypad.obj (.text)
                  00001960    0000032c     lcd.obj (.text)
                  00001c8c    0000010c     STK_prog.obj (.text)
                  00001d98    000000dc     util.obj (.text)
                  00001e74    0000009c     rtsv7M4_T_le_v4SPD16_eabi.lib : memcpy_t2.asm.obj (.text)
                  00001f10    0000007a                                   : memset_t2.asm.obj (.text)
                  00001f8a    00000068                                   : copy_decompress_lzss.c.obj (.text:decompress:lzss:__TI_decompress_lzss)
                  00001ff2    00000002     --HOLE-- [fill = 0]
                  00001ff4    00000044                                   : autoinit.c.obj (.text:__TI_auto_init_nobinit_nopinit:__TI_auto_init_nobinit_nopinit)
                  00002038    00000038                                   : boot_cortex_m.c.obj (.text:_c_int00_noargs:_c_int00_noargs)
                  00002070    00000016     main.obj (.text)
                  00002086    00000012     rtsv7M4_T_le_v4SPD16_eabi.lib : copy_zero_init.c.obj (.text:decompress:ZI:__TI_zero_init_nomemset:__TI_zero_init_nomemset)
                  00002098    0000000e                                   : copy_decompress_none.c.obj (.text:decompress:none:__TI_decompress_none)
                  000020a6    0000000c     tm4c1231h6pm_startup_ccs.obj (.text)
                  000020b2    00000004     rtsv7M4_T_le_v4SPD16_eabi.lib : pre_init.c.obj (.text:_system_pre_init)
                  000020b6    00000004                                   : exit.c.obj (.text:abort:abort)

.cinit     0    000020c0    00000030     
                  000020c0    0000000c     (__TI_handler_table)
                  000020cc    00000004     --HOLE-- [fill = 0]
                  000020d0    00000008     (.cinit..bss.load) [load image, compression = zero_init]
                  000020d8    00000008     (.cinit..data.load) [load image, compression = lzss]
                  000020e0    00000010     (__TI_cinit_table)

.init_array 
*          0    00000000    00000000     UNINITIALIZED

.bss       0    20000200    00000008     UNINITIALIZED
                  20000200    00000004     (.common:GPIOF_isr)
                  20000204    00000004     (.common:STK_isr)

.data      0    20000208    00000006     UNINITIALIZED
                  20000208    00000004     main.obj (.data)
                  2000020c    00000002     keypad.obj (.data)

.stack     0    20000000    00000200     UNINITIALIZED
                  20000000    00000004     rtsv7M4_T_le_v4SPD16_eabi.lib : boot_cortex_m.c.obj (.stack)
                  20000004    000001fc     --HOLE--

MODULE SUMMARY

       Module                         code   ro data   rw data
       ------                         ----   -------   -------
    .\
       tm4c1231h6pm_startup_ccs.obj   12     620       0      
       main.obj                       22     0         12     
    +--+------------------------------+------+---------+---------+
       Total:                         34     620       12     
                                                              
    .\Application\
       calculator.obj                 2060   0         0      
    +--+------------------------------+------+---------+---------+
       Total:                         2060   0         0      
                                                              
    .\HAL\
       keypad.obj                     824    0         2      
       lcd.obj                        812    0         0      
    +--+------------------------------+------+---------+---------+
       Total:                         1636   0         2      
                                                              
    .\MCAL\
       gpio.obj                       1728   0         0      
       EXT_INTERRUPT.obj              1264   0         0      
       STK_prog.obj                   268    0         0      
    +--+------------------------------+------+---------+---------+
       Total:                         3260   0         0      
                                                              
    .\Service\
       util.obj                       220    0         0      
    +--+------------------------------+------+---------+---------+
       Total:                         220    0         0      
                                                              
    C:\ti\ccsv8\tools\compiler\ti-cgt-arm_18.1.4.LTS\lib\rtsv7M4_T_le_v4SPD16_eabi.lib
       memcpy_t2.asm.obj              156    0         0      
       memset_t2.asm.obj              122    0         0      
       copy_decompress_lzss.c.obj     104    0         0      
       autoinit.c.obj                 68     0         0      
       boot_cortex_m.c.obj            56     0         0      
       copy_zero_init.c.obj           18     0         0      
       copy_decompress_none.c.obj     14     0         0      
       exit.c.obj                     4      0         0      
       pre_init.c.obj                 4      0         0      
    +--+------------------------------+------+---------+---------+
       Total:                         546    0         0      
                                                              
       Stack:                         0      0         512    
       Linker Generated:              0      44        0      
    +--+------------------------------+------+---------+---------+
       Grand Total:                   7756   664       526    


LINKER GENERATED COPY TABLES

__TI_cinit_table @ 000020e0 records: 2, size/record: 8, table size: 16
	.bss: load addr=000020d0, load size=00000008 bytes, run addr=20000200, run size=00000008 bytes, compression=zero_init
	.data: load addr=000020d8, load size=00000008 bytes, run addr=20000208, run size=00000006 bytes, compression=lzss


LINKER GENERATED HANDLER TABLE

__TI_handler_table @ 000020c0 records: 3, size/record: 4, table size: 12
	index: 0, handler: __TI_decompress_lzss
	index: 1, handler: __TI_decompress_none
	index: 2, handler: __TI_zero_init


GLOBAL SYMBOLS: SORTED ALPHABETICALLY BY Name 

address   name                          
-------   ----                          
000020b7  C$$EXIT                       
0000026d  CALC_init                     
000002c1  CALC_start                    
2000020d  Columnflag                    
000014e5  EXT_BitHandler                
00001417  EXT_ClearBitHandler           
00001139  EXT_Handler_Config            
000018e5  GPIOB_Handler                 
000010d1  GPIOF_Handler                 
000010db  GPIOF_SetCallBack             
20000200  GPIOF_isr                     
00000a79  GPIO_Init                     
00000e15  GPIO_readPin                  
00001055  GPIO_readPort                 
00000ab9  GPIO_setupPinDirection        
00000f31  GPIO_setupPortDirection       
00000c8f  GPIO_writePin                 
00000fcd  GPIO_writePort                
00001629  KEYPAD_getPressedKey          
00001709  KEYPAD_getPressedKeyInteruppt 
00001c83  LCD_clearScreen               
00001ac9  LCD_displayCharacter          
00001bbb  LCD_displayString             
00001c49  LCD_displayStringRowColumn    
00001961  LCD_init                      
00001c69  LCD_intgerToString            
00001beb  LCD_moveCursor                
000019d7  LCD_sendCommand               
000020a7  ResetISR                      
00001c8d  STK_Delyms                    
00001d49  STK_SetCallBack               
00001d6d  STK_dinit                     
00001ccd  STK_init                      
20000204  STK_isr                       
00001d79  STK_reInit                    
00001d29  STK_timeReload                
2000020a  Sw1Flag                       
2000020b  Sw2Flag                       
00001d63  SysTick_Handler               
20000200  __STACK_END                   
00000200  __STACK_SIZE                  
20000200  __STACK_TOP                   
000020e0  __TI_CINIT_Base               
000020f0  __TI_CINIT_Limit              
000020c0  __TI_Handler_Table_Base       
000020cc  __TI_Handler_Table_Limit      
00001ff5  __TI_auto_init_nobinit_nopinit
00001f8b  __TI_decompress_lzss          
00002099  __TI_decompress_none          
ffffffff  __TI_pprof_out_hndl           
ffffffff  __TI_prof_data_size           
ffffffff  __TI_prof_data_start          
00000000  __TI_static_base__            
00002087  __TI_zero_init_nomemset       
00001f11  __aeabi_memclr                
00001f11  __aeabi_memclr4               
00001f11  __aeabi_memclr8               
00001e75  __aeabi_memcpy                
00001e75  __aeabi_memcpy4               
00001e75  __aeabi_memcpy8               
00001f13  __aeabi_memset                
00001f13  __aeabi_memset4               
00001f13  __aeabi_memset8               
ffffffff  __binit__                     
ffffffff  __c_args__                    
UNDEFED   __mpu_init                    
20000000  __stack                       
00002039  _c_int00_noargs               
UNDEFED   _system_post_cinit            
000020b3  _system_pre_init              
000020b7  abort                         
ffffffff  binit                         
2000020c  col                           
20000208  currRow                       
00000000  g_pfnVectors                  
00000a3b  handleSyntaxError             
00001d99  itoa                          
00002071  main                          
00001e75  memcpy                        
00001f19  memset                        
00001e1f  reverse                       
20000209  secondsCount                  
00001dfb  strlen                        


GLOBAL SYMBOLS: SORTED BY Symbol Address 

address   name                          
-------   ----                          
00000000  __TI_static_base__            
00000000  g_pfnVectors                  
00000200  __STACK_SIZE                  
0000026d  CALC_init                     
000002c1  CALC_start                    
00000a3b  handleSyntaxError             
00000a79  GPIO_Init                     
00000ab9  GPIO_setupPinDirection        
00000c8f  GPIO_writePin                 
00000e15  GPIO_readPin                  
00000f31  GPIO_setupPortDirection       
00000fcd  GPIO_writePort                
00001055  GPIO_readPort                 
000010d1  GPIOF_Handler                 
000010db  GPIOF_SetCallBack             
00001139  EXT_Handler_Config            
00001417  EXT_ClearBitHandler           
000014e5  EXT_BitHandler                
00001629  KEYPAD_getPressedKey          
00001709  KEYPAD_getPressedKeyInteruppt 
000018e5  GPIOB_Handler                 
00001961  LCD_init                      
000019d7  LCD_sendCommand               
00001ac9  LCD_displayCharacter          
00001bbb  LCD_displayString             
00001beb  LCD_moveCursor                
00001c49  LCD_displayStringRowColumn    
00001c69  LCD_intgerToString            
00001c83  LCD_clearScreen               
00001c8d  STK_Delyms                    
00001ccd  STK_init                      
00001d29  STK_timeReload                
00001d49  STK_SetCallBack               
00001d63  SysTick_Handler               
00001d6d  STK_dinit                     
00001d79  STK_reInit                    
00001d99  itoa                          
00001dfb  strlen                        
00001e1f  reverse                       
00001e75  __aeabi_memcpy                
00001e75  __aeabi_memcpy4               
00001e75  __aeabi_memcpy8               
00001e75  memcpy                        
00001f11  __aeabi_memclr                
00001f11  __aeabi_memclr4               
00001f11  __aeabi_memclr8               
00001f13  __aeabi_memset                
00001f13  __aeabi_memset4               
00001f13  __aeabi_memset8               
00001f19  memset                        
00001f8b  __TI_decompress_lzss          
00001ff5  __TI_auto_init_nobinit_nopinit
00002039  _c_int00_noargs               
00002071  main                          
00002087  __TI_zero_init_nomemset       
00002099  __TI_decompress_none          
000020a7  ResetISR                      
000020b3  _system_pre_init              
000020b7  C$$EXIT                       
000020b7  abort                         
000020c0  __TI_Handler_Table_Base       
000020cc  __TI_Handler_Table_Limit      
000020e0  __TI_CINIT_Base               
000020f0  __TI_CINIT_Limit              
20000000  __stack                       
20000200  GPIOF_isr                     
20000200  __STACK_END                   
20000200  __STACK_TOP                   
20000204  STK_isr                       
20000208  currRow                       
20000209  secondsCount                  
2000020a  Sw1Flag                       
2000020b  Sw2Flag                       
2000020c  col                           
2000020d  Columnflag                    
ffffffff  __TI_pprof_out_hndl           
ffffffff  __TI_prof_data_size           
ffffffff  __TI_prof_data_start          
ffffffff  __binit__                     
ffffffff  __c_args__                    
ffffffff  binit                         
UNDEFED   __mpu_init                    
UNDEFED   _system_post_cinit            

[83 symbols]
